{"data":[],"links":{"first":"http:\/\/tour-travels.test\/api\/travel\/jordan-360\/tour?filter%5BdateFrom%5D=2021-11-01&filter%5BdateTo%5D=2021-11-09&filter%5BpriceFrom%5D=2000&page%5Bnumber%5D=1","last":"http:\/\/tour-travels.test\/api\/travel\/jordan-360\/tour?filter%5BdateFrom%5D=2021-11-01&filter%5BdateTo%5D=2021-11-09&filter%5BpriceFrom%5D=2000&page%5Bnumber%5D=1","prev":null,"next":null},"meta":{"current_page":1,"from":null,"last_page":1,"links":[{"url":null,"label":"&laquo; Previous","active":false},{"url":"http:\/\/tour-travels.test\/api\/travel\/jordan-360\/tour?filter%5BdateFrom%5D=2021-11-01&filter%5BdateTo%5D=2021-11-09&filter%5BpriceFrom%5D=2000&page%5Bnumber%5D=1","label":"1","active":true},{"url":null,"label":"Next &raquo;","active":false}],"path":"http:\/\/tour-travels.test\/api\/travel\/jordan-360\/tour","per_page":30,"to":null,"total":0}}